Sumit Kaushik@SumitKaushik-PC MINGW64 ~/Desktop/Git
$ ssh-keygen -t rsa -b 4096 -C "kaushik.sumit7it@gmail.com"
Generating public/private rsa key pair.
Enter file in which to save the key (/c/Users/Sumit Kaushik/.ssh/id_rsa):
Created directory '/c/Users/Sumit Kaushik/.ssh'.
Enter passphrase (empty for no passphrase):
Enter same passphrase again:
Your identification has been saved in /c/Users/Sumit Kaushik/.ssh/id_rsa
Your public key has been saved in /c/Users/Sumit Kaushik/.ssh/id_rsa.pub
The key fingerprint is:
SHA256:woDJMlysrjs9OXGFrXd44TDzfwUaBn+PlgCsofPCKBc kaushik.sumit7it@gmail.com
The key's randomart image is:
+---[RSA 4096]----+
|  ..   .         |
|...+  . +        |
|o.= .+ o +       |
| +E +oB . = o    |
|.  + =oBSo = =   |
|..+ = +.= . + o  |
|.+ + o o . . .   |
|o =       . .    |
|.o o       .     |
+----[SHA256]-----+



Sumit Kaushik@SumitKaushik-PC MINGW64 ~/Desktop/Git
$ ~/.ssh
bash: /c/Users/Sumit Kaushik/.ssh: Is a directory

Sumit Kaushik@SumitKaushik-PC MINGW64 ~/Desktop/Git
$ ls ~/.ssh
id_rsa  id_rsa.pub

Sumit Kaushik@SumitKaushik-PC MINGW64 ~/Desktop/Git
$ cat ~/.ssh/id_rsa.pub
ssh-rsa AAAAB3NzaC1yc2EAAAADAQABAAACAQD1zYnNQOEsudEx/tP+oyXyjN+bppa2xKA/Ol6kzsZ8ePYtotzNfw004YzwFC9idbAaKO7yjKBAVLXRo0cmhJFhQC1loA5ddBewc8tF1NAIbnXFDSFvzw3x38bI6J8lljhdROpfZOH4hfMsy0wwPsIjDLOouO87IZrSGWuc63IHu3AJJpOMx3CwTnGtPLco0wHojVGnNLIpVtLG7rMHBeLzGEGNeFNiU4uZpRxjtd22YOImBkVqUvjHAJQ2znHZHUUfzFaGGFbAsLRqASG55Tk/aguqhYFtzrpQ5MdcuMZkoIFkjzg+/Y4tvIMxWSx+REfdH3qQ6gJb0e8z6ZozSYBXtjEVPqPrh1MvEM4CtZRPcNMYycgH9q06qOLjI1irxLAygXeT6ic3lEWfvwBWkwM/4/MJ8AvuhJCg5qJ3fiUoiWA+CxbIvA1MFBs0yuzFXZa9eZU31GpD3+jJaPdMS/X7f4LWOqY0Vxl9sfo0MKRTys9dQvl+0HfPKytLstOwGVvJhJAYgc0OjPu8Ud3UPAyHvXJmNbFuhs0y7IWYFdsn0cWKvjJzpSQSrMXFEMVwcPMsKcb6bxP0gs5AKgArvtk4paYBITQnqexYTzLRjOpZ0mEFPCySVABTp49VjJ/RCi/b5KKeM31/M/Lwfd8FTXL/GUHn349Khsqe/nsmlq+CVQ== kaushik.sumit7it@gmail.com

Sumit Kaushik@SumitKaushik-PC MINGW64 ~/Desktop/Git
$ git clone git@github.com:kaushiksumit7it/SumitK.git
Cloning into 'SumitK'...
The authenticity of host 'github.com (13.234.210.38)' can't be established.
ED25519 key fingerprint is SHA256:+DiY3wvvV6TuJJhbpZisF/zLDA0zPMSvHdkr4UvCOqU.
This key is not known by any other names
Are you sure you want to continue connecting (yes/no/[fingerprint])?
Host key verification failed.
fatal: Could not read from remote repository.

Please make sure you have the correct access rights
and the repository exists.

Sumit Kaushik@SumitKaushik-PC MINGW64 ~/Desktop/Git
$

Sumit Kaushik@SumitKaushik-PC MINGW64 ~/Desktop/Git
$ git clone git@github.com:kaushiksumit7it/SumitK.git
Cloning into 'SumitK'...
The authenticity of host 'github.com (13.234.176.102)' can't be established.
ED25519 key fingerprint is SHA256:+DiY3wvvV6TuJJhbpZisF/zLDA0zPMSvHdkr4UvCOqU.
This key is not known by any other names
Are you sure you want to continue connecting (yes/no/[fingerprint])? yes
Warning: Permanently added 'github.com' (ED25519) to the list of known hosts.
remote: Enumerating objects: 3, done.
remote: Counting objects: 100% (3/3), done.
remote: Total 3 (delta 0), reused 0 (delta 0), pack-reused 0
Receiving objects: 100% (3/3), done.

Sumit Kaushik@SumitKaushik-PC MINGW64 ~/Desktop/Git
$ git staus
git: 'staus' is not a git command. See 'git --help'.

The most similar command is
        status

Sumit Kaushik@SumitKaushik-PC MINGW64 ~/Desktop/Git
$ git status
fatal: not a git repository (or any of the parent directories): .git

Sumit Kaushik@SumitKaushik-PC MINGW64 ~/Desktop/Git
$

Sumit Kaushik@SumitKaushik-PC MINGW64 ~/Desktop/Git
$ cd SumitK/

Sumit Kaushik@SumitKaushik-PC MINGW64 ~/Desktop/Git/SumitK (main)
$ git status
On branch main
Your branch is up to date with 'origin/main'.

Untracked files:
  (use "git add <file>..." to include in what will be committed)
        hello.java

nothing added to commit but untracked files present (use "git add" to track)

Sumit Kaushik@SumitKaushik-PC MINGW64 ~/Desktop/Git/SumitK (main)
$ git add .

Sumit Kaushik@SumitKaushik-PC MINGW64 ~/Desktop/Git/SumitK (main)
$ git commit -m "My Changes"
Author identity unknown

*** Please tell me who you are.

Run

  git config --global user.email "you@example.com"
  git config --global user.name "Your Name"

to set your account's default identity.
Omit --global to set the identity only in this repository.

fatal: unable to auto-detect email address (got 'Sumit Kaushik@SumitKaushik-PC.(none)')

Sumit Kaushik@SumitKaushik-PC MINGW64 ~/Desktop/Git/SumitK (main)
$  git config --global user.email "kaushik.sumit7it@gmail.com"

Sumit Kaushik@SumitKaushik-PC MINGW64 ~/Desktop/Git/SumitK (main)
$ git config --global user.name "SumitKaushik"

Sumit Kaushik@SumitKaushik-PC MINGW64 ~/Desktop/Git/SumitK (main)
$ git status
On branch main
Your branch is up to date with 'origin/main'.

Changes to be committed:
  (use "git restore --staged <file>..." to unstage)
        new file:   hello.java


Sumit Kaushik@SumitKaushik-PC MINGW64 ~/Desktop/Git/SumitK (main)
$ git commit -m "mychanges"
[main f7d24b9] mychanges
 1 file changed, 1 insertion(+)
 create mode 100644 hello.java

Sumit Kaushik@SumitKaushik-PC MINGW64 ~/Desktop/Git/SumitK (main)
$ git status
On branch main
Your branch is ahead of 'origin/main' by 1 commit.
  (use "git push" to publish your local commits)

nothing to commit, working tree clean

Sumit Kaushik@SumitKaushik-PC MINGW64 ~/Desktop/Git/SumitK (main)
$ git push
Enumerating objects: 4, done.
Counting objects: 100% (4/4), done.
Delta compression using up to 8 threads
Compressing objects: 100% (2/2), done.
Writing objects: 100% (3/3), 290 bytes | 290.00 KiB/s, done.
Total 3 (delta 0), reused 0 (delta 0), pack-reused 0
To github.com:kaushiksumit7it/SumitK.git
   f5f19bf..f7d24b9  main -> main

Sumit Kaushik@SumitKaushik-PC MINGW64 ~/Desktop/Git/SumitK (main)
$ git status
On branch main
Your branch is up to date with 'origin/main'.

nothing to commit, working tree clean

Sumit Kaushik@SumitKaushik-PC MINGW64 ~/Desktop/Git/SumitK (main)
$
